error: no rules expected the token `:`
 --> $DIR/unexpected_colon.rs:5:13
  |
5 |     json!({ : true });
  |             ^

