error: no rules expected the token `,`
  --> $DIR/unexpected_comma.rs:13:17
   |
13 |     json!({ "a" , "b": true });
   |                 ^ no rules expected the token `,`

error: aborting due to previous error

