error: no rules expected the token `:`
  --> $DIR/unexpected_colon.rs:13:13
   |
13 |     json!({ : true });
   |             ^ no rules expected the token `:`

error: aborting due to previous error

